[10:33:46:539853]:[Metadata] AttributesManagerBase.h(380)::createFromJsonOrDefaultInternal : <Dataset>: Proposing JSON name : default.scene_dataset_config.json from original name : default| This file does not exist.
[10:33:46:539921]:[Metadata] AssetAttributesManager.cpp(123)::createObject : Asset attributes (capsule3DSolid:capsule3DSolid_hemiRings_4_cylRings_1_segments_12_halfLen_0.75_useTexCoords_false_useTangents_false) created and registered.
[10:33:46:539941]:[Metadata] AssetAttributesManager.cpp(123)::createObject : Asset attributes (capsule3DWireframe:capsule3DWireframe_hemiRings_8_cylRings_1_segments_16_halfLen_1) created and registered.
[10:33:46:539955]:[Metadata] AssetAttributesManager.cpp(123)::createObject : Asset attributes (coneSolid:coneSolid_segments_12_halfLen_1.25_rings_1_useTexCoords_false_useTangents_false_capEnd_true) created and registered.
[10:33:46:539967]:[Metadata] AssetAttributesManager.cpp(123)::createObject : Asset attributes (coneWireframe:coneWireframe_segments_32_halfLen_1.25) created and registered.
[10:33:46:539978]:[Metadata] AssetAttributesManager.cpp(123)::createObject : Asset attributes (cubeSolid:cubeSolid) created and registered.
[10:33:46:539988]:[Metadata] AssetAttributesManager.cpp(123)::createObject : Asset attributes (cubeWireframe:cubeWireframe) created and registered.
[10:33:46:540000]:[Metadata] AssetAttributesManager.cpp(123)::createObject : Asset attributes (cylinderSolid:cylinderSolid_rings_1_segments_12_halfLen_1_useTexCoords_false_useTangents_false_capEnds_true) created and registered.
[10:33:46:540012]:[Metadata] AssetAttributesManager.cpp(123)::createObject : Asset attributes (cylinderWireframe:cylinderWireframe_rings_1_segments_32_halfLen_1) created and registered.
[10:33:46:540023]:[Metadata] AssetAttributesManager.cpp(123)::createObject : Asset attributes (icosphereSolid:icosphereSolid_subdivs_1) created and registered.
[10:33:46:540033]:[Metadata] AssetAttributesManager.cpp(123)::createObject : Asset attributes (icosphereWireframe:icosphereWireframe_subdivs_1) created and registered.
[10:33:46:540044]:[Metadata] AssetAttributesManager.cpp(123)::createObject : Asset attributes (uvSphereSolid:uvSphereSolid_rings_8_segments_16_useTexCoords_false_useTangents_false) created and registered.
[10:33:46:540055]:[Metadata] AssetAttributesManager.cpp(123)::createObject : Asset attributes (uvSphereWireframe:uvSphereWireframe_rings_16_segments_32) created and registered.
[10:33:46:540063]:[Metadata] AssetAttributesManager.cpp(112)::AssetAttributesManager : Built default primitive asset templates : 12
[10:33:46:540197]:[Metadata] SceneDatasetAttributesManager.cpp(37)::createObject : File (default) not found, so new default dataset attributes created  and registered.
[10:33:46:540205]:[Metadata] MetadataMediator.cpp(120)::createSceneDataset : Dataset default successfully created.
[10:33:46:540214]:[Metadata] AttributesManagerBase.h(380)::createFromJsonOrDefaultInternal : <Physics Manager>: Proposing JSON name : ./data/default.physics_config.json from original name : ./data/default.physics_config.json| This file does not exist.
[10:33:46:540226]:[Metadata] PhysicsAttributesManager.cpp(26)::createObject : File (./data/default.physics_config.json) not found, so new default physics manager attributes created and registered.
[10:33:46:540232]:[Metadata] MetadataMediator.cpp(210)::setActiveSceneDatasetName : Attempting to create new dataset /home/zhangshan/syp/datasets/versioned_data/hm3d-0.2/hm3d/val/hm3d_annotated_val_basis.scene_dataset_config.json
[10:33:46:540241]:[Metadata] AttributesManagerBase.h(380)::createFromJsonOrDefaultInternal : <Dataset>: Proposing JSON name : /home/zhangshan/syp/datasets/versioned_data/hm3d-0.2/hm3d/val/hm3d_annotated_val_basis.scene_dataset_config.json from original name : /home/zhangshan/syp/datasets/versioned_data/hm3d-0.2/hm3d/val/hm3d_annotated_val_basis.scene_dataset_config.json| This file exists.
[10:33:46:540282]:[Metadata] AssetAttributesManager.cpp(123)::createObject : Asset attributes (capsule3DSolid:capsule3DSolid_hemiRings_4_cylRings_1_segments_12_halfLen_0.75_useTexCoords_false_useTangents_false) created and registered.
[10:33:46:540296]:[Metadata] AssetAttributesManager.cpp(123)::createObject : Asset attributes (capsule3DWireframe:capsule3DWireframe_hemiRings_8_cylRings_1_segments_16_halfLen_1) created and registered.
[10:33:46:540307]:[Metadata] AssetAttributesManager.cpp(123)::createObject : Asset attributes (coneSolid:coneSolid_segments_12_halfLen_1.25_rings_1_useTexCoords_false_useTangents_false_capEnd_true) created and registered.
[10:33:46:540317]:[Metadata] AssetAttributesManager.cpp(123)::createObject : Asset attributes (coneWireframe:coneWireframe_segments_32_halfLen_1.25) created and registered.
[10:33:46:540326]:[Metadata] AssetAttributesManager.cpp(123)::createObject : Asset attributes (cubeSolid:cubeSolid) created and registered.
[10:33:46:540334]:[Metadata] AssetAttributesManager.cpp(123)::createObject : Asset attributes (cubeWireframe:cubeWireframe) created and registered.
[10:33:46:540344]:[Metadata] AssetAttributesManager.cpp(123)::createObject : Asset attributes (cylinderSolid:cylinderSolid_rings_1_segments_12_halfLen_1_useTexCoords_false_useTangents_false_capEnds_true) created and registered.
[10:33:46:540354]:[Metadata] AssetAttributesManager.cpp(123)::createObject : Asset attributes (cylinderWireframe:cylinderWireframe_rings_1_segments_32_halfLen_1) created and registered.
[10:33:46:540363]:[Metadata] AssetAttributesManager.cpp(123)::createObject : Asset attributes (icosphereSolid:icosphereSolid_subdivs_1) created and registered.
[10:33:46:540372]:[Metadata] AssetAttributesManager.cpp(123)::createObject : Asset attributes (icosphereWireframe:icosphereWireframe_subdivs_1) created and registered.
[10:33:46:540381]:[Metadata] AssetAttributesManager.cpp(123)::createObject : Asset attributes (uvSphereSolid:uvSphereSolid_rings_8_segments_16_useTexCoords_false_useTangents_false) created and registered.
[10:33:46:540390]:[Metadata] AssetAttributesManager.cpp(123)::createObject : Asset attributes (uvSphereWireframe:uvSphereWireframe_rings_16_segments_32) created and registered.
[10:33:46:540396]:[Metadata] AssetAttributesManager.cpp(112)::AssetAttributesManager : Built default primitive asset templates : 12
[10:33:46:540620]:[Metadata] AttributesManagerBase.h(265)::loadAllFileBasedTemplates : Loading 1  Stage Template templates found in /home/zhangshan/syp/datasets/versioned_data/hm3d-0.2/hm3d/val/00800-TEEsavR23oF
[10:33:46:540630]:[Metadata] AttributesManagerBase.h(380)::createFromJsonOrDefaultInternal : <Stage Template>: Proposing JSON name : /home/zhangshan/syp/datasets/versioned_data/hm3d-0.2/hm3d/val/00800-TEEsavR23oF/TEEsavR23oF.basis.stage_config.json from original name : /home/zhangshan/syp/datasets/versioned_data/hm3d-0.2/hm3d/val/00800-TEEsavR23oF/TEEsavR23oF.basis.glb| This file does not exist.
[10:33:46:540670]:[Metadata] AbstractObjectAttributesManagerBase.h(184)::createObject : File (/home/zhangshan/syp/datasets/versioned_data/hm3d-0.2/hm3d/val/00800-TEEsavR23oF/TEEsavR23oF.basis.glb) exists but is not a recognized config filename extension, so new default Stage Template attributes created and registered.
[10:33:46:540677]:[Metadata] AttributesManagerBase.h(285)::loadAllFileBasedTemplates : <Stage Template> : Loaded file-based templates: 1
[10:33:46:540719]:[Metadata] AttributesManagerBase.h(265)::loadAllFileBasedTemplates : Loading 1  Stage Template templates found in /home/zhangshan/syp/datasets/versioned_data/hm3d-0.2/hm3d/val/00802-wcojb4TFT35
[10:33:46:540727]:[Metadata] AttributesManagerBase.h(380)::createFromJsonOrDefaultInternal : <Stage Template>: Proposing JSON name : /home/zhangshan/syp/datasets/versioned_data/hm3d-0.2/hm3d/val/00802-wcojb4TFT35/wcojb4TFT35.basis.stage_config.json from original name : /home/zhangshan/syp/datasets/versioned_data/hm3d-0.2/hm3d/val/00802-wcojb4TFT35/wcojb4TFT35.basis.glb| This file does not exist.
[10:33:46:540763]:[Metadata] AbstractObjectAttributesManagerBase.h(184)::createObject : File (/home/zhangshan/syp/datasets/versioned_data/hm3d-0.2/hm3d/val/00802-wcojb4TFT35/wcojb4TFT35.basis.glb) exists but is not a recognized config filename extension, so new default Stage Template attributes created and registered.
[10:33:46:540769]:[Metadata] AttributesManagerBase.h(285)::loadAllFileBasedTemplates : <Stage Template> : Loaded file-based templates: 1
[10:33:46:540808]:[Metadata] AttributesManagerBase.h(265)::loadAllFileBasedTemplates : Loading 1  Stage Template templates found in /home/zhangshan/syp/datasets/versioned_data/hm3d-0.2/hm3d/val/00803-k1cupFYWXJ6
[10:33:46:540816]:[Metadata] AttributesManagerBase.h(380)::createFromJsonOrDefaultInternal : <Stage Template>: Proposing JSON name : /home/zhangshan/syp/datasets/versioned_data/hm3d-0.2/hm3d/val/00803-k1cupFYWXJ6/k1cupFYWXJ6.basis.stage_config.json from original name : /home/zhangshan/syp/datasets/versioned_data/hm3d-0.2/hm3d/val/00803-k1cupFYWXJ6/k1cupFYWXJ6.basis.glb| This file does not exist.
[10:33:46:540852]:[Metadata] AbstractObjectAttributesManagerBase.h(184)::createObject : File (/home/zhangshan/syp/datasets/versioned_data/hm3d-0.2/hm3d/val/00803-k1cupFYWXJ6/k1cupFYWXJ6.basis.glb) exists but is not a recognized config filename extension, so new default Stage Template attributes created and registered.
[10:33:46:540859]:[Metadata] AttributesManagerBase.h(285)::loadAllFileBasedTemplates : <Stage Template> : Loaded file-based templates: 1
[10:33:46:540897]:[Metadata] AttributesManagerBase.h(265)::loadAllFileBasedTemplates : Loading 1  Stage Template templates found in /home/zhangshan/syp/datasets/versioned_data/hm3d-0.2/hm3d/val/00808-y9hTuugGdiq
[10:33:46:540906]:[Metadata] AttributesManagerBase.h(380)::createFromJsonOrDefaultInternal : <Stage Template>: Proposing JSON name : /home/zhangshan/syp/datasets/versioned_data/hm3d-0.2/hm3d/val/00808-y9hTuugGdiq/y9hTuugGdiq.basis.stage_config.json from original name : /home/zhangshan/syp/datasets/versioned_data/hm3d-0.2/hm3d/val/00808-y9hTuugGdiq/y9hTuugGdiq.basis.glb| This file does not exist.
[10:33:46:540939]:[Metadata] AbstractObjectAttributesManagerBase.h(184)::createObject : File (/home/zhangshan/syp/datasets/versioned_data/hm3d-0.2/hm3d/val/00808-y9hTuugGdiq/y9hTuugGdiq.basis.glb) exists but is not a recognized config filename extension, so new default Stage Template attributes created and registered.
[10:33:46:540946]:[Metadata] AttributesManagerBase.h(285)::loadAllFileBasedTemplates : <Stage Template> : Loaded file-based templates: 1
[10:33:46:540983]:[Metadata] AttributesManagerBase.h(265)::loadAllFileBasedTemplates : Loading 1  Stage Template templates found in /home/zhangshan/syp/datasets/versioned_data/hm3d-0.2/hm3d/val/00810-CrMo8WxCyVb
[10:33:46:540992]:[Metadata] AttributesManagerBase.h(380)::createFromJsonOrDefaultInternal : <Stage Template>: Proposing JSON name : /home/zhangshan/syp/datasets/versioned_data/hm3d-0.2/hm3d/val/00810-CrMo8WxCyVb/CrMo8WxCyVb.basis.stage_config.json from original name : /home/zhangshan/syp/datasets/versioned_data/hm3d-0.2/hm3d/val/00810-CrMo8WxCyVb/CrMo8WxCyVb.basis.glb| This file does not exist.
[10:33:46:541026]:[Metadata] AbstractObjectAttributesManagerBase.h(184)::createObject : File (/home/zhangshan/syp/datasets/versioned_data/hm3d-0.2/hm3d/val/00810-CrMo8WxCyVb/CrMo8WxCyVb.basis.glb) exists but is not a recognized config filename extension, so new default Stage Template attributes created and registered.
[10:33:46:541033]:[Metadata] AttributesManagerBase.h(285)::loadAllFileBasedTemplates : <Stage Template> : Loaded file-based templates: 1
[10:33:46:541071]:[Metadata] AttributesManagerBase.h(265)::loadAllFileBasedTemplates : Loading 1  Stage Template templates found in /home/zhangshan/syp/datasets/versioned_data/hm3d-0.2/hm3d/val/00813-svBbv1Pavdk
[10:33:46:541079]:[Metadata] AttributesManagerBase.h(380)::createFromJsonOrDefaultInternal : <Stage Template>: Proposing JSON name : /home/zhangshan/syp/datasets/versioned_data/hm3d-0.2/hm3d/val/00813-svBbv1Pavdk/svBbv1Pavdk.basis.stage_config.json from original name : /home/zhangshan/syp/datasets/versioned_data/hm3d-0.2/hm3d/val/00813-svBbv1Pavdk/svBbv1Pavdk.basis.glb| This file does not exist.
[10:33:46:541114]:[Metadata] AbstractObjectAttributesManagerBase.h(184)::createObject : File (/home/zhangshan/syp/datasets/versioned_data/hm3d-0.2/hm3d/val/00813-svBbv1Pavdk/svBbv1Pavdk.basis.glb) exists but is not a recognized config filename extension, so new default Stage Template attributes created and registered.
[10:33:46:541121]:[Metadata] AttributesManagerBase.h(285)::loadAllFileBasedTemplates : <Stage Template> : Loaded file-based templates: 1
[10:33:46:541160]:[Metadata] AttributesManagerBase.h(265)::loadAllFileBasedTemplates : Loading 1  Stage Template templates found in /home/zhangshan/syp/datasets/versioned_data/hm3d-0.2/hm3d/val/00814-p53SfW6mjZe
[10:33:46:541168]:[Metadata] AttributesManagerBase.h(380)::createFromJsonOrDefaultInternal : <Stage Template>: Proposing JSON name : /home/zhangshan/syp/datasets/versioned_data/hm3d-0.2/hm3d/val/00814-p53SfW6mjZe/p53SfW6mjZe.basis.stage_config.json from original name : /home/zhangshan/syp/datasets/versioned_data/hm3d-0.2/hm3d/val/00814-p53SfW6mjZe/p53SfW6mjZe.basis.glb| This file does not exist.
[10:33:46:541203]:[Metadata] AbstractObjectAttributesManagerBase.h(184)::createObject : File (/home/zhangshan/syp/datasets/versioned_data/hm3d-0.2/hm3d/val/00814-p53SfW6mjZe/p53SfW6mjZe.basis.glb) exists but is not a recognized config filename extension, so new default Stage Template attributes created and registered.
[10:33:46:541210]:[Metadata] AttributesManagerBase.h(285)::loadAllFileBasedTemplates : <Stage Template> : Loaded file-based templates: 1
[10:33:46:541250]:[Metadata] AttributesManagerBase.h(265)::loadAllFileBasedTemplates : Loading 1  Stage Template templates found in /home/zhangshan/syp/datasets/versioned_data/hm3d-0.2/hm3d/val/00815-h1zeeAwLh9Z
[10:33:46:541258]:[Metadata] AttributesManagerBase.h(380)::createFromJsonOrDefaultInternal : <Stage Template>: Proposing JSON name : /home/zhangshan/syp/datasets/versioned_data/hm3d-0.2/hm3d/val/00815-h1zeeAwLh9Z/h1zeeAwLh9Z.basis.stage_config.json from original name : /home/zhangshan/syp/datasets/versioned_data/hm3d-0.2/hm3d/val/00815-h1zeeAwLh9Z/h1zeeAwLh9Z.basis.glb| This file does not exist.
[10:33:46:541294]:[Metadata] AbstractObjectAttributesManagerBase.h(184)::createObject : File (/home/zhangshan/syp/datasets/versioned_data/hm3d-0.2/hm3d/val/00815-h1zeeAwLh9Z/h1zeeAwLh9Z.basis.glb) exists but is not a recognized config filename extension, so new default Stage Template attributes created and registered.
[10:33:46:541301]:[Metadata] AttributesManagerBase.h(285)::loadAllFileBasedTemplates : <Stage Template> : Loaded file-based templates: 1
[10:33:46:541347]:[Metadata] AttributesManagerBase.h(265)::loadAllFileBasedTemplates : Loading 1  Stage Template templates found in /home/zhangshan/syp/datasets/versioned_data/hm3d-0.2/hm3d/val/00820-mL8ThkuaVTM
[10:33:46:541356]:[Metadata] AttributesManagerBase.h(380)::createFromJsonOrDefaultInternal : <Stage Template>: Proposing JSON name : /home/zhangshan/syp/datasets/versioned_data/hm3d-0.2/hm3d/val/00820-mL8ThkuaVTM/mL8ThkuaVTM.basis.stage_config.json from original name : /home/zhangshan/syp/datasets/versioned_data/hm3d-0.2/hm3d/val/00820-mL8ThkuaVTM/mL8ThkuaVTM.basis.glb| This file does not exist.
[10:33:46:541393]:[Metadata] AbstractObjectAttributesManagerBase.h(184)::createObject : File (/home/zhangshan/syp/datasets/versioned_data/hm3d-0.2/hm3d/val/00820-mL8ThkuaVTM/mL8ThkuaVTM.basis.glb) exists but is not a recognized config filename extension, so new default Stage Template attributes created and registered.
[10:33:46:541399]:[Metadata] AttributesManagerBase.h(285)::loadAllFileBasedTemplates : <Stage Template> : Loaded file-based templates: 1
[10:33:46:541443]:[Metadata] AttributesManagerBase.h(265)::loadAllFileBasedTemplates : Loading 1  Stage Template templates found in /home/zhangshan/syp/datasets/versioned_data/hm3d-0.2/hm3d/val/00821-eF36g7L6Z9M
[10:33:46:541451]:[Metadata] AttributesManagerBase.h(380)::createFromJsonOrDefaultInternal : <Stage Template>: Proposing JSON name : /home/zhangshan/syp/datasets/versioned_data/hm3d-0.2/hm3d/val/00821-eF36g7L6Z9M/eF36g7L6Z9M.basis.stage_config.json from original name : /home/zhangshan/syp/datasets/versioned_data/hm3d-0.2/hm3d/val/00821-eF36g7L6Z9M/eF36g7L6Z9M.basis.glb| This file does not exist.
[10:33:46:541485]:[Metadata] AbstractObjectAttributesManagerBase.h(184)::createObject : File (/home/zhangshan/syp/datasets/versioned_data/hm3d-0.2/hm3d/val/00821-eF36g7L6Z9M/eF36g7L6Z9M.basis.glb) exists but is not a recognized config filename extension, so new default Stage Template attributes created and registered.
[10:33:46:541492]:[Metadata] AttributesManagerBase.h(285)::loadAllFileBasedTemplates : <Stage Template> : Loaded file-based templates: 1
[10:33:46:541532]:[Metadata] AttributesManagerBase.h(265)::loadAllFileBasedTemplates : Loading 1  Stage Template templates found in /home/zhangshan/syp/datasets/versioned_data/hm3d-0.2/hm3d/val/00823-7MXmsvcQjpJ
[10:33:46:541540]:[Metadata] AttributesManagerBase.h(380)::createFromJsonOrDefaultInternal : <Stage Template>: Proposing JSON name : /home/zhangshan/syp/datasets/versioned_data/hm3d-0.2/hm3d/val/00823-7MXmsvcQjpJ/7MXmsvcQjpJ.basis.stage_config.json from original name : /home/zhangshan/syp/datasets/versioned_data/hm3d-0.2/hm3d/val/00823-7MXmsvcQjpJ/7MXmsvcQjpJ.basis.glb| This file does not exist.
[10:33:46:541574]:[Metadata] AbstractObjectAttributesManagerBase.h(184)::createObject : File (/home/zhangshan/syp/datasets/versioned_data/hm3d-0.2/hm3d/val/00823-7MXmsvcQjpJ/7MXmsvcQjpJ.basis.glb) exists but is not a recognized config filename extension, so new default Stage Template attributes created and registered.
[10:33:46:541580]:[Metadata] AttributesManagerBase.h(285)::loadAllFileBasedTemplates : <Stage Template> : Loaded file-based templates: 1
[10:33:46:541620]:[Metadata] AttributesManagerBase.h(265)::loadAllFileBasedTemplates : Loading 1  Stage Template templates found in /home/zhangshan/syp/datasets/versioned_data/hm3d-0.2/hm3d/val/00824-Dd4bFSTQ8gi
[10:33:46:541628]:[Metadata] AttributesManagerBase.h(380)::createFromJsonOrDefaultInternal : <Stage Template>: Proposing JSON name : /home/zhangshan/syp/datasets/versioned_data/hm3d-0.2/hm3d/val/00824-Dd4bFSTQ8gi/Dd4bFSTQ8gi.basis.stage_config.json from original name : /home/zhangshan/syp/datasets/versioned_data/hm3d-0.2/hm3d/val/00824-Dd4bFSTQ8gi/Dd4bFSTQ8gi.basis.glb| This file does not exist.
[10:33:46:541660]:[Metadata] AbstractObjectAttributesManagerBase.h(184)::createObject : File (/home/zhangshan/syp/datasets/versioned_data/hm3d-0.2/hm3d/val/00824-Dd4bFSTQ8gi/Dd4bFSTQ8gi.basis.glb) exists but is not a recognized config filename extension, so new default Stage Template attributes created and registered.
[10:33:46:541666]:[Metadata] AttributesManagerBase.h(285)::loadAllFileBasedTemplates : <Stage Template> : Loaded file-based templates: 1
[10:33:46:541705]:[Metadata] AttributesManagerBase.h(265)::loadAllFileBasedTemplates : Loading 1  Stage Template templates found in /home/zhangshan/syp/datasets/versioned_data/hm3d-0.2/hm3d/val/00827-BAbdmeyTvMZ
[10:33:46:541714]:[Metadata] AttributesManagerBase.h(380)::createFromJsonOrDefaultInternal : <Stage Template>: Proposing JSON name : /home/zhangshan/syp/datasets/versioned_data/hm3d-0.2/hm3d/val/00827-BAbdmeyTvMZ/BAbdmeyTvMZ.basis.stage_config.json from original name : /home/zhangshan/syp/datasets/versioned_data/hm3d-0.2/hm3d/val/00827-BAbdmeyTvMZ/BAbdmeyTvMZ.basis.glb| This file does not exist.
[10:33:46:541746]:[Metadata] AbstractObjectAttributesManagerBase.h(184)::createObject : File (/home/zhangshan/syp/datasets/versioned_data/hm3d-0.2/hm3d/val/00827-BAbdmeyTvMZ/BAbdmeyTvMZ.basis.glb) exists but is not a recognized config filename extension, so new default Stage Template attributes created and registered.
[10:33:46:541752]:[Metadata] AttributesManagerBase.h(285)::loadAllFileBasedTemplates : <Stage Template> : Loaded file-based templates: 1
[10:33:46:541793]:[Metadata] AttributesManagerBase.h(265)::loadAllFileBasedTemplates : Loading 1  Stage Template templates found in /home/zhangshan/syp/datasets/versioned_data/hm3d-0.2/hm3d/val/00829-QaLdnwvtxbs
[10:33:46:541801]:[Metadata] AttributesManagerBase.h(380)::createFromJsonOrDefaultInternal : <Stage Template>: Proposing JSON name : /home/zhangshan/syp/datasets/versioned_data/hm3d-0.2/hm3d/val/00829-QaLdnwvtxbs/QaLdnwvtxbs.basis.stage_config.json from original name : /home/zhangshan/syp/datasets/versioned_data/hm3d-0.2/hm3d/val/00829-QaLdnwvtxbs/QaLdnwvtxbs.basis.glb| This file does not exist.
[10:33:46:541834]:[Metadata] AbstractObjectAttributesManagerBase.h(184)::createObject : File (/home/zhangshan/syp/datasets/versioned_data/hm3d-0.2/hm3d/val/00829-QaLdnwvtxbs/QaLdnwvtxbs.basis.glb) exists but is not a recognized config filename extension, so new default Stage Template attributes created and registered.
[10:33:46:541840]:[Metadata] AttributesManagerBase.h(285)::loadAllFileBasedTemplates : <Stage Template> : Loaded file-based templates: 1
[10:33:46:541880]:[Metadata] AttributesManagerBase.h(265)::loadAllFileBasedTemplates : Loading 1  Stage Template templates found in /home/zhangshan/syp/datasets/versioned_data/hm3d-0.2/hm3d/val/00831-yr17PDCnDDW
[10:33:46:541889]:[Metadata] AttributesManagerBase.h(380)::createFromJsonOrDefaultInternal : <Stage Template>: Proposing JSON name : /home/zhangshan/syp/datasets/versioned_data/hm3d-0.2/hm3d/val/00831-yr17PDCnDDW/yr17PDCnDDW.basis.stage_config.json from original name : /home/zhangshan/syp/datasets/versioned_data/hm3d-0.2/hm3d/val/00831-yr17PDCnDDW/yr17PDCnDDW.basis.glb| This file does not exist.
[10:33:46:541923]:[Metadata] AbstractObjectAttributesManagerBase.h(184)::createObject : File (/home/zhangshan/syp/datasets/versioned_data/hm3d-0.2/hm3d/val/00831-yr17PDCnDDW/yr17PDCnDDW.basis.glb) exists but is not a recognized config filename extension, so new default Stage Template attributes created and registered.
[10:33:46:541930]:[Metadata] AttributesManagerBase.h(285)::loadAllFileBasedTemplates : <Stage Template> : Loaded file-based templates: 1
[10:33:46:541970]:[Metadata] AttributesManagerBase.h(265)::loadAllFileBasedTemplates : Loading 1  Stage Template templates found in /home/zhangshan/syp/datasets/versioned_data/hm3d-0.2/hm3d/val/00832-qyAac8rV8Zk
[10:33:46:541978]:[Metadata] AttributesManagerBase.h(380)::createFromJsonOrDefaultInternal : <Stage Template>: Proposing JSON name : /home/zhangshan/syp/datasets/versioned_data/hm3d-0.2/hm3d/val/00832-qyAac8rV8Zk/qyAac8rV8Zk.basis.stage_config.json from original name : /home/zhangshan/syp/datasets/versioned_data/hm3d-0.2/hm3d/val/00832-qyAac8rV8Zk/qyAac8rV8Zk.basis.glb| This file does not exist.
[10:33:46:542009]:[Metadata] AbstractObjectAttributesManagerBase.h(184)::createObject : File (/home/zhangshan/syp/datasets/versioned_data/hm3d-0.2/hm3d/val/00832-qyAac8rV8Zk/qyAac8rV8Zk.basis.glb) exists but is not a recognized config filename extension, so new default Stage Template attributes created and registered.
[10:33:46:542016]:[Metadata] AttributesManagerBase.h(285)::loadAllFileBasedTemplates : <Stage Template> : Loaded file-based templates: 1
[10:33:46:542056]:[Metadata] AttributesManagerBase.h(265)::loadAllFileBasedTemplates : Loading 1  Stage Template templates found in /home/zhangshan/syp/datasets/versioned_data/hm3d-0.2/hm3d/val/00835-q3zU7Yy5E5s
[10:33:46:542064]:[Metadata] AttributesManagerBase.h(380)::createFromJsonOrDefaultInternal : <Stage Template>: Proposing JSON name : /home/zhangshan/syp/datasets/versioned_data/hm3d-0.2/hm3d/val/00835-q3zU7Yy5E5s/q3zU7Yy5E5s.basis.stage_config.json from original name : /home/zhangshan/syp/datasets/versioned_data/hm3d-0.2/hm3d/val/00835-q3zU7Yy5E5s/q3zU7Yy5E5s.basis.glb| This file does not exist.
[10:33:46:542096]:[Metadata] AbstractObjectAttributesManagerBase.h(184)::createObject : File (/home/zhangshan/syp/datasets/versioned_data/hm3d-0.2/hm3d/val/00835-q3zU7Yy5E5s/q3zU7Yy5E5s.basis.glb) exists but is not a recognized config filename extension, so new default Stage Template attributes created and registered.
[10:33:46:542102]:[Metadata] AttributesManagerBase.h(285)::loadAllFileBasedTemplates : <Stage Template> : Loaded file-based templates: 1
[10:33:46:542144]:[Metadata] AttributesManagerBase.h(265)::loadAllFileBasedTemplates : Loading 1  Stage Template templates found in /home/zhangshan/syp/datasets/versioned_data/hm3d-0.2/hm3d/val/00839-zt1RVoi7PcG
[10:33:46:542153]:[Metadata] AttributesManagerBase.h(380)::createFromJsonOrDefaultInternal : <Stage Template>: Proposing JSON name : /home/zhangshan/syp/datasets/versioned_data/hm3d-0.2/hm3d/val/00839-zt1RVoi7PcG/zt1RVoi7PcG.basis.stage_config.json from original name : /home/zhangshan/syp/datasets/versioned_data/hm3d-0.2/hm3d/val/00839-zt1RVoi7PcG/zt1RVoi7PcG.basis.glb| This file does not exist.
[10:33:46:542187]:[Metadata] AbstractObjectAttributesManagerBase.h(184)::createObject : File (/home/zhangshan/syp/datasets/versioned_data/hm3d-0.2/hm3d/val/00839-zt1RVoi7PcG/zt1RVoi7PcG.basis.glb) exists but is not a recognized config filename extension, so new default Stage Template attributes created and registered.
[10:33:46:542194]:[Metadata] AttributesManagerBase.h(285)::loadAllFileBasedTemplates : <Stage Template> : Loaded file-based templates: 1
[10:33:46:542233]:[Metadata] AttributesManagerBase.h(265)::loadAllFileBasedTemplates : Loading 1  Stage Template templates found in /home/zhangshan/syp/datasets/versioned_data/hm3d-0.2/hm3d/val/00843-DYehNKdT76V
[10:33:46:542242]:[Metadata] AttributesManagerBase.h(380)::createFromJsonOrDefaultInternal : <Stage Template>: Proposing JSON name : /home/zhangshan/syp/datasets/versioned_data/hm3d-0.2/hm3d/val/00843-DYehNKdT76V/DYehNKdT76V.basis.stage_config.json from original name : /home/zhangshan/syp/datasets/versioned_data/hm3d-0.2/hm3d/val/00843-DYehNKdT76V/DYehNKdT76V.basis.glb| This file does not exist.
[10:33:46:542274]:[Metadata] AbstractObjectAttributesManagerBase.h(184)::createObject : File (/home/zhangshan/syp/datasets/versioned_data/hm3d-0.2/hm3d/val/00843-DYehNKdT76V/DYehNKdT76V.basis.glb) exists but is not a recognized config filename extension, so new default Stage Template attributes created and registered.
[10:33:46:542280]:[Metadata] AttributesManagerBase.h(285)::loadAllFileBasedTemplates : <Stage Template> : Loaded file-based templates: 1
[10:33:46:542320]:[Metadata] AttributesManagerBase.h(265)::loadAllFileBasedTemplates : Loading 1  Stage Template templates found in /home/zhangshan/syp/datasets/versioned_data/hm3d-0.2/hm3d/val/00844-q5QZSEeHe5g
[10:33:46:542328]:[Metadata] AttributesManagerBase.h(380)::createFromJsonOrDefaultInternal : <Stage Template>: Proposing JSON name : /home/zhangshan/syp/datasets/versioned_data/hm3d-0.2/hm3d/val/00844-q5QZSEeHe5g/q5QZSEeHe5g.basis.stage_config.json from original name : /home/zhangshan/syp/datasets/versioned_data/hm3d-0.2/hm3d/val/00844-q5QZSEeHe5g/q5QZSEeHe5g.basis.glb| This file does not exist.
[10:33:46:542361]:[Metadata] AbstractObjectAttributesManagerBase.h(184)::createObject : File (/home/zhangshan/syp/datasets/versioned_data/hm3d-0.2/hm3d/val/00844-q5QZSEeHe5g/q5QZSEeHe5g.basis.glb) exists but is not a recognized config filename extension, so new default Stage Template attributes created and registered.
[10:33:46:542367]:[Metadata] AttributesManagerBase.h(285)::loadAllFileBasedTemplates : <Stage Template> : Loaded file-based templates: 1
[10:33:46:542407]:[Metadata] AttributesManagerBase.h(265)::loadAllFileBasedTemplates : Loading 1  Stage Template templates found in /home/zhangshan/syp/datasets/versioned_data/hm3d-0.2/hm3d/val/00847-bCPU9suPUw9
[10:33:46:542415]:[Metadata] AttributesManagerBase.h(380)::createFromJsonOrDefaultInternal : <Stage Template>: Proposing JSON name : /home/zhangshan/syp/datasets/versioned_data/hm3d-0.2/hm3d/val/00847-bCPU9suPUw9/bCPU9suPUw9.basis.stage_config.json from original name : /home/zhangshan/syp/datasets/versioned_data/hm3d-0.2/hm3d/val/00847-bCPU9suPUw9/bCPU9suPUw9.basis.glb| This file does not exist.
[10:33:46:542450]:[Metadata] AbstractObjectAttributesManagerBase.h(184)::createObject : File (/home/zhangshan/syp/datasets/versioned_data/hm3d-0.2/hm3d/val/00847-bCPU9suPUw9/bCPU9suPUw9.basis.glb) exists but is not a recognized config filename extension, so new default Stage Template attributes created and registered.
[10:33:46:542456]:[Metadata] AttributesManagerBase.h(285)::loadAllFileBasedTemplates : <Stage Template> : Loaded file-based templates: 1
[10:33:46:542496]:[Metadata] AttributesManagerBase.h(265)::loadAllFileBasedTemplates : Loading 1  Stage Template templates found in /home/zhangshan/syp/datasets/versioned_data/hm3d-0.2/hm3d/val/00848-ziup5kvtCCR
[10:33:46:542504]:[Metadata] AttributesManagerBase.h(380)::createFromJsonOrDefaultInternal : <Stage Template>: Proposing JSON name : /home/zhangshan/syp/datasets/versioned_data/hm3d-0.2/hm3d/val/00848-ziup5kvtCCR/ziup5kvtCCR.basis.stage_config.json from original name : /home/zhangshan/syp/datasets/versioned_data/hm3d-0.2/hm3d/val/00848-ziup5kvtCCR/ziup5kvtCCR.basis.glb| This file does not exist.
[10:33:46:542535]:[Metadata] AbstractObjectAttributesManagerBase.h(184)::createObject : File (/home/zhangshan/syp/datasets/versioned_data/hm3d-0.2/hm3d/val/00848-ziup5kvtCCR/ziup5kvtCCR.basis.glb) exists but is not a recognized config filename extension, so new default Stage Template attributes created and registered.
[10:33:46:542542]:[Metadata] AttributesManagerBase.h(285)::loadAllFileBasedTemplates : <Stage Template> : Loaded file-based templates: 1
[10:33:46:542581]:[Metadata] AttributesManagerBase.h(265)::loadAllFileBasedTemplates : Loading 1  Stage Template templates found in /home/zhangshan/syp/datasets/versioned_data/hm3d-0.2/hm3d/val/00849-a8BtkwhxdRV
[10:33:46:542590]:[Metadata] AttributesManagerBase.h(380)::createFromJsonOrDefaultInternal : <Stage Template>: Proposing JSON name : /home/zhangshan/syp/datasets/versioned_data/hm3d-0.2/hm3d/val/00849-a8BtkwhxdRV/a8BtkwhxdRV.basis.stage_config.json from original name : /home/zhangshan/syp/datasets/versioned_data/hm3d-0.2/hm3d/val/00849-a8BtkwhxdRV/a8BtkwhxdRV.basis.glb| This file does not exist.
[10:33:46:542622]:[Metadata] AbstractObjectAttributesManagerBase.h(184)::createObject : File (/home/zhangshan/syp/datasets/versioned_data/hm3d-0.2/hm3d/val/00849-a8BtkwhxdRV/a8BtkwhxdRV.basis.glb) exists but is not a recognized config filename extension, so new default Stage Template attributes created and registered.
[10:33:46:542628]:[Metadata] AttributesManagerBase.h(285)::loadAllFileBasedTemplates : <Stage Template> : Loaded file-based templates: 1
[10:33:46:542667]:[Metadata] AttributesManagerBase.h(265)::loadAllFileBasedTemplates : Loading 1  Stage Template templates found in /home/zhangshan/syp/datasets/versioned_data/hm3d-0.2/hm3d/val/00853-5cdEh9F2hJL
[10:33:46:542676]:[Metadata] AttributesManagerBase.h(380)::createFromJsonOrDefaultInternal : <Stage Template>: Proposing JSON name : /home/zhangshan/syp/datasets/versioned_data/hm3d-0.2/hm3d/val/00853-5cdEh9F2hJL/5cdEh9F2hJL.basis.stage_config.json from original name : /home/zhangshan/syp/datasets/versioned_data/hm3d-0.2/hm3d/val/00853-5cdEh9F2hJL/5cdEh9F2hJL.basis.glb| This file does not exist.
[10:33:46:542710]:[Metadata] AbstractObjectAttributesManagerBase.h(184)::createObject : File (/home/zhangshan/syp/datasets/versioned_data/hm3d-0.2/hm3d/val/00853-5cdEh9F2hJL/5cdEh9F2hJL.basis.glb) exists but is not a recognized config filename extension, so new default Stage Template attributes created and registered.
[10:33:46:542717]:[Metadata] AttributesManagerBase.h(285)::loadAllFileBasedTemplates : <Stage Template> : Loaded file-based templates: 1
[10:33:46:542756]:[Metadata] AttributesManagerBase.h(265)::loadAllFileBasedTemplates : Loading 1  Stage Template templates found in /home/zhangshan/syp/datasets/versioned_data/hm3d-0.2/hm3d/val/00861-GLAQ4DNUx5U
[10:33:46:542764]:[Metadata] AttributesManagerBase.h(380)::createFromJsonOrDefaultInternal : <Stage Template>: Proposing JSON name : /home/zhangshan/syp/datasets/versioned_data/hm3d-0.2/hm3d/val/00861-GLAQ4DNUx5U/GLAQ4DNUx5U.basis.stage_config.json from original name : /home/zhangshan/syp/datasets/versioned_data/hm3d-0.2/hm3d/val/00861-GLAQ4DNUx5U/GLAQ4DNUx5U.basis.glb| This file does not exist.
[10:33:46:542796]:[Metadata] AbstractObjectAttributesManagerBase.h(184)::createObject : File (/home/zhangshan/syp/datasets/versioned_data/hm3d-0.2/hm3d/val/00861-GLAQ4DNUx5U/GLAQ4DNUx5U.basis.glb) exists but is not a recognized config filename extension, so new default Stage Template attributes created and registered.
[10:33:46:542803]:[Metadata] AttributesManagerBase.h(285)::loadAllFileBasedTemplates : <Stage Template> : Loaded file-based templates: 1
[10:33:46:542842]:[Metadata] AttributesManagerBase.h(265)::loadAllFileBasedTemplates : Loading 1  Stage Template templates found in /home/zhangshan/syp/datasets/versioned_data/hm3d-0.2/hm3d/val/00862-LT9Jq6dN3Ea
[10:33:46:542851]:[Metadata] AttributesManagerBase.h(380)::createFromJsonOrDefaultInternal : <Stage Template>: Proposing JSON name : /home/zhangshan/syp/datasets/versioned_data/hm3d-0.2/hm3d/val/00862-LT9Jq6dN3Ea/LT9Jq6dN3Ea.basis.stage_config.json from original name : /home/zhangshan/syp/datasets/versioned_data/hm3d-0.2/hm3d/val/00862-LT9Jq6dN3Ea/LT9Jq6dN3Ea.basis.glb| This file does not exist.
[10:33:46:542882]:[Metadata] AbstractObjectAttributesManagerBase.h(184)::createObject : File (/home/zhangshan/syp/datasets/versioned_data/hm3d-0.2/hm3d/val/00862-LT9Jq6dN3Ea/LT9Jq6dN3Ea.basis.glb) exists but is not a recognized config filename extension, so new default Stage Template attributes created and registered.
[10:33:46:542889]:[Metadata] AttributesManagerBase.h(285)::loadAllFileBasedTemplates : <Stage Template> : Loaded file-based templates: 1
[10:33:46:542928]:[Metadata] AttributesManagerBase.h(265)::loadAllFileBasedTemplates : Loading 1  Stage Template templates found in /home/zhangshan/syp/datasets/versioned_data/hm3d-0.2/hm3d/val/00869-MHPLjHsuG27
[10:33:46:542936]:[Metadata] AttributesManagerBase.h(380)::createFromJsonOrDefaultInternal : <Stage Template>: Proposing JSON name : /home/zhangshan/syp/datasets/versioned_data/hm3d-0.2/hm3d/val/00869-MHPLjHsuG27/MHPLjHsuG27.basis.stage_config.json from original name : /home/zhangshan/syp/datasets/versioned_data/hm3d-0.2/hm3d/val/00869-MHPLjHsuG27/MHPLjHsuG27.basis.glb| This file does not exist.
[10:33:46:542970]:[Metadata] AbstractObjectAttributesManagerBase.h(184)::createObject : File (/home/zhangshan/syp/datasets/versioned_data/hm3d-0.2/hm3d/val/00869-MHPLjHsuG27/MHPLjHsuG27.basis.glb) exists but is not a recognized config filename extension, so new default Stage Template attributes created and registered.
[10:33:46:542977]:[Metadata] AttributesManagerBase.h(285)::loadAllFileBasedTemplates : <Stage Template> : Loaded file-based templates: 1
[10:33:46:543016]:[Metadata] AttributesManagerBase.h(265)::loadAllFileBasedTemplates : Loading 1  Stage Template templates found in /home/zhangshan/syp/datasets/versioned_data/hm3d-0.2/hm3d/val/00871-VBzV5z6i1WS
[10:33:46:543024]:[Metadata] AttributesManagerBase.h(380)::createFromJsonOrDefaultInternal : <Stage Template>: Proposing JSON name : /home/zhangshan/syp/datasets/versioned_data/hm3d-0.2/hm3d/val/00871-VBzV5z6i1WS/VBzV5z6i1WS.basis.stage_config.json from original name : /home/zhangshan/syp/datasets/versioned_data/hm3d-0.2/hm3d/val/00871-VBzV5z6i1WS/VBzV5z6i1WS.basis.glb| This file does not exist.
[10:33:46:543056]:[Metadata] AbstractObjectAttributesManagerBase.h(184)::createObject : File (/home/zhangshan/syp/datasets/versioned_data/hm3d-0.2/hm3d/val/00871-VBzV5z6i1WS/VBzV5z6i1WS.basis.glb) exists but is not a recognized config filename extension, so new default Stage Template attributes created and registered.
[10:33:46:543062]:[Metadata] AttributesManagerBase.h(285)::loadAllFileBasedTemplates : <Stage Template> : Loaded file-based templates: 1
[10:33:46:543104]:[Metadata] AttributesManagerBase.h(265)::loadAllFileBasedTemplates : Loading 1  Stage Template templates found in /home/zhangshan/syp/datasets/versioned_data/hm3d-0.2/hm3d/val/00873-bxsVRursffK
[10:33:46:543112]:[Metadata] AttributesManagerBase.h(380)::createFromJsonOrDefaultInternal : <Stage Template>: Proposing JSON name : /home/zhangshan/syp/datasets/versioned_data/hm3d-0.2/hm3d/val/00873-bxsVRursffK/bxsVRursffK.basis.stage_config.json from original name : /home/zhangshan/syp/datasets/versioned_data/hm3d-0.2/hm3d/val/00873-bxsVRursffK/bxsVRursffK.basis.glb| This file does not exist.
[10:33:46:543144]:[Metadata] AbstractObjectAttributesManagerBase.h(184)::createObject : File (/home/zhangshan/syp/datasets/versioned_data/hm3d-0.2/hm3d/val/00873-bxsVRursffK/bxsVRursffK.basis.glb) exists but is not a recognized config filename extension, so new default Stage Template attributes created and registered.
[10:33:46:543153]:[Metadata] AttributesManagerBase.h(285)::loadAllFileBasedTemplates : <Stage Template> : Loaded file-based templates: 1
[10:33:46:543192]:[Metadata] AttributesManagerBase.h(265)::loadAllFileBasedTemplates : Loading 1  Stage Template templates found in /home/zhangshan/syp/datasets/versioned_data/hm3d-0.2/hm3d/val/00876-mv2HUxq3B53
[10:33:46:543201]:[Metadata] AttributesManagerBase.h(380)::createFromJsonOrDefaultInternal : <Stage Template>: Proposing JSON name : /home/zhangshan/syp/datasets/versioned_data/hm3d-0.2/hm3d/val/00876-mv2HUxq3B53/mv2HUxq3B53.basis.stage_config.json from original name : /home/zhangshan/syp/datasets/versioned_data/hm3d-0.2/hm3d/val/00876-mv2HUxq3B53/mv2HUxq3B53.basis.glb| This file does not exist.
[10:33:46:543235]:[Metadata] AbstractObjectAttributesManagerBase.h(184)::createObject : File (/home/zhangshan/syp/datasets/versioned_data/hm3d-0.2/hm3d/val/00876-mv2HUxq3B53/mv2HUxq3B53.basis.glb) exists but is not a recognized config filename extension, so new default Stage Template attributes created and registered.
[10:33:46:543241]:[Metadata] AttributesManagerBase.h(285)::loadAllFileBasedTemplates : <Stage Template> : Loaded file-based templates: 1
[10:33:46:543281]:[Metadata] AttributesManagerBase.h(265)::loadAllFileBasedTemplates : Loading 1  Stage Template templates found in /home/zhangshan/syp/datasets/versioned_data/hm3d-0.2/hm3d/val/00877-4ok3usBNeis
[10:33:46:543290]:[Metadata] AttributesManagerBase.h(380)::createFromJsonOrDefaultInternal : <Stage Template>: Proposing JSON name : /home/zhangshan/syp/datasets/versioned_data/hm3d-0.2/hm3d/val/00877-4ok3usBNeis/4ok3usBNeis.basis.stage_config.json from original name : /home/zhangshan/syp/datasets/versioned_data/hm3d-0.2/hm3d/val/00877-4ok3usBNeis/4ok3usBNeis.basis.glb| This file does not exist.
[10:33:46:543321]:[Metadata] AbstractObjectAttributesManagerBase.h(184)::createObject : File (/home/zhangshan/syp/datasets/versioned_data/hm3d-0.2/hm3d/val/00877-4ok3usBNeis/4ok3usBNeis.basis.glb) exists but is not a recognized config filename extension, so new default Stage Template attributes created and registered.
[10:33:46:543327]:[Metadata] AttributesManagerBase.h(285)::loadAllFileBasedTemplates : <Stage Template> : Loaded file-based templates: 1
[10:33:46:543367]:[Metadata] AttributesManagerBase.h(265)::loadAllFileBasedTemplates : Loading 1  Stage Template templates found in /home/zhangshan/syp/datasets/versioned_data/hm3d-0.2/hm3d/val/00878-XB4GS9ShBRE
[10:33:46:543375]:[Metadata] AttributesManagerBase.h(380)::createFromJsonOrDefaultInternal : <Stage Template>: Proposing JSON name : /home/zhangshan/syp/datasets/versioned_data/hm3d-0.2/hm3d/val/00878-XB4GS9ShBRE/XB4GS9ShBRE.basis.stage_config.json from original name : /home/zhangshan/syp/datasets/versioned_data/hm3d-0.2/hm3d/val/00878-XB4GS9ShBRE/XB4GS9ShBRE.basis.glb| This file does not exist.
[10:33:46:543406]:[Metadata] AbstractObjectAttributesManagerBase.h(184)::createObject : File (/home/zhangshan/syp/datasets/versioned_data/hm3d-0.2/hm3d/val/00878-XB4GS9ShBRE/XB4GS9ShBRE.basis.glb) exists but is not a recognized config filename extension, so new default Stage Template attributes created and registered.
[10:33:46:543412]:[Metadata] AttributesManagerBase.h(285)::loadAllFileBasedTemplates : <Stage Template> : Loaded file-based templates: 1
[10:33:46:543452]:[Metadata] AttributesManagerBase.h(265)::loadAllFileBasedTemplates : Loading 1  Stage Template templates found in /home/zhangshan/syp/datasets/versioned_data/hm3d-0.2/hm3d/val/00880-Nfvxx8J5NCo
[10:33:46:543460]:[Metadata] AttributesManagerBase.h(380)::createFromJsonOrDefaultInternal : <Stage Template>: Proposing JSON name : /home/zhangshan/syp/datasets/versioned_data/hm3d-0.2/hm3d/val/00880-Nfvxx8J5NCo/Nfvxx8J5NCo.basis.stage_config.json from original name : /home/zhangshan/syp/datasets/versioned_data/hm3d-0.2/hm3d/val/00880-Nfvxx8J5NCo/Nfvxx8J5NCo.basis.glb| This file does not exist.
[10:33:46:543494]:[Metadata] AbstractObjectAttributesManagerBase.h(184)::createObject : File (/home/zhangshan/syp/datasets/versioned_data/hm3d-0.2/hm3d/val/00880-Nfvxx8J5NCo/Nfvxx8J5NCo.basis.glb) exists but is not a recognized config filename extension, so new default Stage Template attributes created and registered.
[10:33:46:543500]:[Metadata] AttributesManagerBase.h(285)::loadAllFileBasedTemplates : <Stage Template> : Loaded file-based templates: 1
[10:33:46:543548]:[Metadata] AttributesManagerBase.h(265)::loadAllFileBasedTemplates : Loading 1  Stage Template templates found in /home/zhangshan/syp/datasets/versioned_data/hm3d-0.2/hm3d/val/00890-6s7QHgap2fW
[10:33:46:543557]:[Metadata] AttributesManagerBase.h(380)::createFromJsonOrDefaultInternal : <Stage Template>: Proposing JSON name : /home/zhangshan/syp/datasets/versioned_data/hm3d-0.2/hm3d/val/00890-6s7QHgap2fW/6s7QHgap2fW.basis.stage_config.json from original name : /home/zhangshan/syp/datasets/versioned_data/hm3d-0.2/hm3d/val/00890-6s7QHgap2fW/6s7QHgap2fW.basis.glb| This file does not exist.
[10:33:46:543588]:[Metadata] AbstractObjectAttributesManagerBase.h(184)::createObject : File (/home/zhangshan/syp/datasets/versioned_data/hm3d-0.2/hm3d/val/00890-6s7QHgap2fW/6s7QHgap2fW.basis.glb) exists but is not a recognized config filename extension, so new default Stage Template attributes created and registered.
[10:33:46:543594]:[Metadata] AttributesManagerBase.h(285)::loadAllFileBasedTemplates : <Stage Template> : Loaded file-based templates: 1
[10:33:46:543638]:[Metadata] AttributesManagerBase.h(265)::loadAllFileBasedTemplates : Loading 1  Stage Template templates found in /home/zhangshan/syp/datasets/versioned_data/hm3d-0.2/hm3d/val/00891-cvZr5TUy5C5
[10:33:46:543646]:[Metadata] AttributesManagerBase.h(380)::createFromJsonOrDefaultInternal : <Stage Template>: Proposing JSON name : /home/zhangshan/syp/datasets/versioned_data/hm3d-0.2/hm3d/val/00891-cvZr5TUy5C5/cvZr5TUy5C5.basis.stage_config.json from original name : /home/zhangshan/syp/datasets/versioned_data/hm3d-0.2/hm3d/val/00891-cvZr5TUy5C5/cvZr5TUy5C5.basis.glb| This file does not exist.
[10:33:46:543680]:[Metadata] AbstractObjectAttributesManagerBase.h(184)::createObject : File (/home/zhangshan/syp/datasets/versioned_data/hm3d-0.2/hm3d/val/00891-cvZr5TUy5C5/cvZr5TUy5C5.basis.glb) exists but is not a recognized config filename extension, so new default Stage Template attributes created and registered.
[10:33:46:543687]:[Metadata] AttributesManagerBase.h(285)::loadAllFileBasedTemplates : <Stage Template> : Loaded file-based templates: 1
[10:33:46:543726]:[Metadata] AttributesManagerBase.h(265)::loadAllFileBasedTemplates : Loading 1  Stage Template templates found in /home/zhangshan/syp/datasets/versioned_data/hm3d-0.2/hm3d/val/00894-HY1NcmCgn3n
[10:33:46:543734]:[Metadata] AttributesManagerBase.h(380)::createFromJsonOrDefaultInternal : <Stage Template>: Proposing JSON name : /home/zhangshan/syp/datasets/versioned_data/hm3d-0.2/hm3d/val/00894-HY1NcmCgn3n/HY1NcmCgn3n.basis.stage_config.json from original name : /home/zhangshan/syp/datasets/versioned_data/hm3d-0.2/hm3d/val/00894-HY1NcmCgn3n/HY1NcmCgn3n.basis.glb| This file does not exist.
[10:33:46:543766]:[Metadata] AbstractObjectAttributesManagerBase.h(184)::createObject : File (/home/zhangshan/syp/datasets/versioned_data/hm3d-0.2/hm3d/val/00894-HY1NcmCgn3n/HY1NcmCgn3n.basis.glb) exists but is not a recognized config filename extension, so new default Stage Template attributes created and registered.
[10:33:46:543772]:[Metadata] AttributesManagerBase.h(285)::loadAllFileBasedTemplates : <Stage Template> : Loaded file-based templates: 1
[10:33:46:543777]:[Metadata] AttributesManagerBase.h(360)::buildAttrSrcPathsFromJSONAndLoad : <Stage Template>:36paths specified in JSON doc forStage Templatetemplates.
[10:33:46:544487]:[Metadata] AttributesManagerBase.h(360)::buildAttrSrcPathsFromJSONAndLoad : <Scene Instance>:36paths specified in JSON doc forScene Instancetemplates.
[10:33:46:544495]:[Metadata] SceneDatasetAttributesManager.cpp(37)::createObject : JSON Configuration File (/home/zhangshan/syp/datasets/versioned_data/hm3d-0.2/hm3d/val/hm3d_annotated_val_basis.scene_dataset_config.json) based dataset attributes created  and registered.
[10:33:46:544500]:[Metadata] MetadataMediator.cpp(120)::createSceneDataset : Dataset /home/zhangshan/syp/datasets/versioned_data/hm3d-0.2/hm3d/val/hm3d_annotated_val_basis.scene_dataset_config.json successfully created.
[10:33:46:544506]:[Metadata] MetadataMediator.cpp(217)::setActiveSceneDatasetName : Attempt to create new dataset /home/zhangshan/syp/datasets/versioned_data/hm3d-0.2/hm3d/val/hm3d_annotated_val_basis.scene_dataset_config.json   succeeded. Currently active dataset : /home/zhangshan/syp/datasets/versioned_data/hm3d-0.2/hm3d/val/hm3d_annotated_val_basis.scene_dataset_config.json
[10:33:46:544512]:[Metadata] MetadataMediator.cpp(175)::setCurrPhysicsAttributesHandle : Old physics manager attributes  changed to ./data/default.physics_config.json successfully.
[10:33:46:544518]:[Metadata] MetadataMediator.cpp(66)::setSimulatorConfiguration : Set new simulator config for scene/stage : /home/zhangshan/syp/datasets/versioned_data/hm3d-0.2/hm3d/val/00800-TEEsavR23oF/TEEsavR23oF.basis.glb and dataset : /home/zhangshan/syp/datasets/versioned_data/hm3d-0.2/hm3d/val/hm3d_annotated_val_basis.scene_dataset_config.json which is currently active dataset.
Renderer: NVIDIA GeForce RTX 4090/PCIe/SSE2 by NVIDIA Corporation
OpenGL version: 4.6.0 NVIDIA 575.57.08
Using optional features:
    GL_ARB_vertex_array_object
    GL_ARB_separate_shader_objects
    GL_ARB_robustness
    GL_ARB_texture_storage
    GL_ARB_texture_view
    GL_ARB_framebuffer_no_attachments
    GL_ARB_invalidate_subdata
    GL_ARB_texture_storage_multisample
    GL_ARB_multi_bind
    GL_ARB_direct_state_access
    GL_ARB_get_texture_sub_image
    GL_ARB_texture_filter_anisotropic
    GL_KHR_debug
    GL_KHR_parallel_shader_compile
    GL_NV_depth_buffer_float
Using driver workarounds:
    no-forward-compatible-core-context
    nv-egl-incorrect-gl11-function-pointers
    no-layout-qualifiers-on-old-glsl
    nv-zero-context-profile-mask
    nv-implementation-color-read-format-dsa-broken
    nv-cubemap-inconsistent-compressed-image-size
    nv-cubemap-broken-full-compressed-image-query
    nv-compressed-block-size-in-bits
[10:33:46:951133]:[Metadata] MetadataMediator.cpp(279)::getSceneInstanceAttributesByName : No existing scene instance attributes containing name /home/zhangshan/syp/datasets/versioned_data/hm3d-0.2/hm3d/val/00800-TEEsavR23oF/TEEsavR23oF.basis.glb found in Dataset : /home/zhangshan/syp/datasets/versioned_data/hm3d-0.2/hm3d/val/hm3d_annotated_val_basis.scene_dataset_config.json but 1 StageAttributes found.  Using /home/zhangshan/syp/datasets/versioned_data/hm3d-0.2/hm3d/val/00800-TEEsavR23oF/TEEsavR23oF.basis.glb as stage and to construct a SceneInstanceAttributes with same name that will be added to Dataset.
[10:33:46:951184]:[Metadata] SceneDatasetAttributes.cpp(47)::addNewSceneInstanceToDataset : Dataset : 'hm3d_annotated_val_basis' : Stage Attributes '/home/zhangshan/syp/datasets/versioned_data/hm3d-0.2/hm3d/val/00800-TEEsavR23oF/TEEsavR23oF.basis.glb' specified in Scene Attributes exists in dataset library.
[10:33:46:951191]:[Metadata] SceneDatasetAttributes.cpp(84)::addNewSceneInstanceToDataset : Dataset : 'hm3d_annotated_val_basis' : Lighting Layout Attributes 'no_lights' specified in Scene Attributes but does not exist in dataset, so creating.
[10:33:46:951202]:[Metadata] AttributesManagerBase.h(380)::createFromJsonOrDefaultInternal : <Lighting Layout>: Proposing JSON name : no_lights.lighting_config.json from original name : no_lights| This file does not exist.
[10:33:46:951215]:[Metadata] LightLayoutAttributesManager.cpp(38)::createObject : File (no_lights) not found, so new default light layout attributes created and registered.
[10:33:46:951224]:[Sim] Simulator.cpp(235)::createSceneInstance : Navmesh file location in scene instance : /home/zhangshan/syp/datasets/versioned_data/hm3d-0.2/hm3d/val/00800-TEEsavR23oF/TEEsavR23oF.basis.navmesh
[10:33:46:951239]:[Sim] Simulator.cpp(240)::createSceneInstance : Loading navmesh from /home/zhangshan/syp/datasets/versioned_data/hm3d-0.2/hm3d/val/00800-TEEsavR23oF/TEEsavR23oF.basis.navmesh
[10:33:46:951314]:[Sim] Simulator.cpp(242)::createSceneInstance : Navmesh Loaded.
[10:33:46:951334]:[Scene] SceneGraph.h(85)::createDrawableGroup : Created DrawableGroup: 
[10:33:46:951342]:[Assets] ResourceManager.cpp(308)::loadSemanticSceneDescriptor : SceneInstance : /home/zhangshan/syp/datasets/versioned_data/hm3d-0.2/hm3d/val/00800-TEEsavR23oF/TEEsavR23oF.basis.glb proposed Semantic Scene Descriptor filename : /home/zhangshan/syp/datasets/versioned_data/hm3d-0.2/hm3d/val/00800-TEEsavR23oF/TEEsavR23oF.semantic.txt
[10:33:46:952311]:[Assets] ResourceManager.cpp(319)::loadSemanticSceneDescriptor : SSD with SceneInstanceAttributes-provided name  /home/zhangshan/syp/datasets/versioned_data/hm3d-0.2/hm3d/val/00800-TEEsavR23oF/TEEsavR23oF.semantic.txt successfully found and loaded
[10:33:46:952331]:[Assets] ResourceManager.cpp(1666)::configureImporterManagerGLExtensions : Importing Basis files as BC7.
[10:33:46:952639]:[Sim] Simulator.cpp(309)::createSceneInstance : Using scene instance-specified Light key : - no_lights -
[10:33:46:952654]:[Metadata] MetadataMediator.cpp(66)::setSimulatorConfiguration : Set new simulator config for scene/stage : /home/zhangshan/syp/datasets/versioned_data/hm3d-0.2/hm3d/val/00800-TEEsavR23oF/TEEsavR23oF.basis.glb and dataset : /home/zhangshan/syp/datasets/versioned_data/hm3d-0.2/hm3d/val/hm3d_annotated_val_basis.scene_dataset_config.json which is currently active dataset.
[10:33:46:952674]:[Sim] Simulator.cpp(419)::instanceStageForSceneAttributes : Start to load stage named : /home/zhangshan/syp/datasets/versioned_data/hm3d-0.2/hm3d/val/00800-TEEsavR23oF/TEEsavR23oF.basis.glb with render asset : /home/zhangshan/syp/datasets/versioned_data/hm3d-0.2/hm3d/val/00800-TEEsavR23oF/TEEsavR23oF.basis.glb and collision asset : /home/zhangshan/syp/datasets/versioned_data/hm3d-0.2/hm3d/val/00800-TEEsavR23oF/TEEsavR23oF.basis.glb
[10:33:46:952696]:[Assets] ResourceManager.cpp(702)::createStageAssetInfosFromAttributes : Frame :{"up":[0,0,1],"front":[0,1,0],"origin":[0,0,0]} for render mesh named : /home/zhangshan/syp/datasets/versioned_data/hm3d-0.2/hm3d/val/00800-TEEsavR23oF/TEEsavR23oF.basis.glb|No Semantic asset info specified.
[10:33:46:952702]:[Assets] ResourceManager.cpp(484)::loadStage : Not loading semantic mesh
[10:33:46:952708]:[Assets] ResourceManager.cpp(518)::loadStage : Start load render asset /home/zhangshan/syp/datasets/versioned_data/hm3d-0.2/hm3d/val/00800-TEEsavR23oF/TEEsavR23oF.basis.glb .
[10:33:46:952713]:[Assets] ResourceManager.cpp(984)::loadStageInternal : Attempting to load stage /home/zhangshan/syp/datasets/versioned_data/hm3d-0.2/hm3d/val/00800-TEEsavR23oF/TEEsavR23oF.basis.glb 
[10:33:46:952722]:[Assets] ResourceManager.cpp(866)::loadRenderAsset : Loading general asset named: /home/zhangshan/syp/datasets/versioned_data/hm3d-0.2/hm3d/val/00800-TEEsavR23oF/TEEsavR23oF.basis.glb
[10:33:46:952728]:[Assets] ResourceManager.cpp(1666)::configureImporterManagerGLExtensions : Importing Basis files as BC7.
[10:33:48:086884]:[Assets] ResourceManager.cpp(2105)::loadMaterials : Building 41 materials for asset named 'TEEsavR23oF.basis.glb' : 
[10:33:48:086943]:[Assets] ResourceManager.cpp(2210)::loadMaterials : Idx 00:Flat.
[10:33:48:086956]:[Assets] ResourceManager.cpp(2210)::loadMaterials : Idx 01:Flat.
[10:33:48:086965]:[Assets] ResourceManager.cpp(2210)::loadMaterials : Idx 02:Flat.
[10:33:48:086973]:[Assets] ResourceManager.cpp(2210)::loadMaterials : Idx 03:Flat.
[10:33:48:086982]:[Assets] ResourceManager.cpp(2210)::loadMaterials : Idx 04:Flat.
[10:33:48:086991]:[Assets] ResourceManager.cpp(2210)::loadMaterials : Idx 05:Flat.
[10:33:48:087000]:[Assets] ResourceManager.cpp(2210)::loadMaterials : Idx 06:Flat.
[10:33:48:087009]:[Assets] ResourceManager.cpp(2210)::loadMaterials : Idx 07:Flat.
[10:33:48:087018]:[Assets] ResourceManager.cpp(2210)::loadMaterials : Idx 08:Flat.
[10:33:48:087026]:[Assets] ResourceManager.cpp(2210)::loadMaterials : Idx 09:Flat.
[10:33:48:087035]:[Assets] ResourceManager.cpp(2210)::loadMaterials : Idx 10:Flat.
[10:33:48:087044]:[Assets] ResourceManager.cpp(2210)::loadMaterials : Idx 11:Flat.
[10:33:48:087053]:[Assets] ResourceManager.cpp(2210)::loadMaterials : Idx 12:Flat.
[10:33:48:087061]:[Assets] ResourceManager.cpp(2210)::loadMaterials : Idx 13:Flat.
[10:33:48:087070]:[Assets] ResourceManager.cpp(2210)::loadMaterials : Idx 14:Flat.
[10:33:48:087078]:[Assets] ResourceManager.cpp(2210)::loadMaterials : Idx 15:Flat.
[10:33:48:087087]:[Assets] ResourceManager.cpp(2210)::loadMaterials : Idx 16:Flat.
[10:33:48:087095]:[Assets] ResourceManager.cpp(2210)::loadMaterials : Idx 17:Flat.
[10:33:48:087104]:[Assets] ResourceManager.cpp(2210)::loadMaterials : Idx 18:Flat.
[10:33:48:087112]:[Assets] ResourceManager.cpp(2210)::loadMaterials : Idx 19:Flat.
[10:33:48:087121]:[Assets] ResourceManager.cpp(2210)::loadMaterials : Idx 20:Flat.
[10:33:48:087129]:[Assets] ResourceManager.cpp(2210)::loadMaterials : Idx 21:Flat.
[10:33:48:087137]:[Assets] ResourceManager.cpp(2210)::loadMaterials : Idx 22:Flat.
[10:33:48:087145]:[Assets] ResourceManager.cpp(2210)::loadMaterials : Idx 23:Flat.
[10:33:48:087154]:[Assets] ResourceManager.cpp(2210)::loadMaterials : Idx 24:Flat.
[10:33:48:087162]:[Assets] ResourceManager.cpp(2210)::loadMaterials : Idx 25:Flat.
[10:33:48:087170]:[Assets] ResourceManager.cpp(2210)::loadMaterials : Idx 26:Flat.
[10:33:48:087179]:[Assets] ResourceManager.cpp(2210)::loadMaterials : Idx 27:Flat.
[10:33:48:087188]:[Assets] ResourceManager.cpp(2210)::loadMaterials : Idx 28:Flat.
[10:33:48:087196]:[Assets] ResourceManager.cpp(2210)::loadMaterials : Idx 29:Flat.
[10:33:48:087204]:[Assets] ResourceManager.cpp(2210)::loadMaterials : Idx 30:Flat.
[10:33:48:087212]:[Assets] ResourceManager.cpp(2210)::loadMaterials : Idx 31:Flat.
[10:33:48:087220]:[Assets] ResourceManager.cpp(2210)::loadMaterials : Idx 32:Flat.
[10:33:48:087228]:[Assets] ResourceManager.cpp(2210)::loadMaterials : Idx 33:Flat.
[10:33:48:087236]:[Assets] ResourceManager.cpp(2210)::loadMaterials : Idx 34:Flat.
[10:33:48:087244]:[Assets] ResourceManager.cpp(2210)::loadMaterials : Idx 35:Flat.
[10:33:48:087252]:[Assets] ResourceManager.cpp(2210)::loadMaterials : Idx 36:Flat.
[10:33:48:087261]:[Assets] ResourceManager.cpp(2210)::loadMaterials : Idx 37:Flat.
[10:33:48:087269]:[Assets] ResourceManager.cpp(2210)::loadMaterials : Idx 38:Flat.
[10:33:48:087277]:[Assets] ResourceManager.cpp(2210)::loadMaterials : Idx 39:Flat.
[10:33:48:087286]:[Assets] ResourceManager.cpp(2210)::loadMaterials : Idx 40:Flat.
[10:33:48:193571]:[Sim] Simulator.cpp(446)::instanceStageForSceneAttributes : Successfully loaded stage named : /home/zhangshan/syp/datasets/versioned_data/hm3d-0.2/hm3d/val/00800-TEEsavR23oF/TEEsavR23oF.basis.glb
[10:33:48:193628]:[Sim] Simulator.cpp(203)::reconfigure : CreateSceneInstance success == true for active scene name : /home/zhangshan/syp/datasets/versioned_data/hm3d-0.2/hm3d/val/00800-TEEsavR23oF/TEEsavR23oF.basis.glb  with renderer.
[10:33:48:210157]:[Nav] PathFinder.cpp(571)::build : Building navmesh with 332 x 223 cells
[10:33:48:298049]:[Nav] PathFinder.cpp(845)::build : Created navmesh with 272 vertices 134 polygons
[10:33:48:298068]:[Sim] Simulator.cpp(908)::recomputeNavMesh : reconstruct navmesh successful
[10:33:48:605110]:[Physics] PhysicsManager.cpp(54)::~PhysicsManager : Deconstructing PhysicsManager
[10:33:48:605151]:[Scene] SceneManager.h(21)::~SceneManager : Deconstructing SceneManager
[10:33:48:605157]:[Scene] SceneGraph.h(25)::~SceneGraph : Deconstructing SceneGraph
[10:33:48:605445]:[Sensor] Sensor.cpp(69)::~Sensor : Deconstructing Sensor
[10:33:48:605626]:[Sensor] Sensor.cpp(69)::~Sensor : Deconstructing Sensor
[10:33:48:605669]:[Scene] SemanticScene.h(48)::~SemanticScene : Deconstructing SemanticScene
[10:33:48:608969]:[Gfx] Renderer.cpp(71)::~Impl : Deconstructing Renderer
[10:33:48:608982]:[Gfx] WindowlessContext.h(17)::~WindowlessContext : Deconstructing WindowlessContext
[10:33:48:615408]:[Sim] Simulator.cpp(69)::~Simulator : Deconstructing Simulator
{
  "attempt": 230,
  "scene_path": "/home/zhangshan/syp/datasets/versioned_data/hm3d-0.2/hm3d/val/00800-TEEsavR23oF/TEEsavR23oF.basis.glb",
  "scene_dataset_config": "/home/zhangshan/syp/datasets/versioned_data/hm3d-0.2/hm3d/val/hm3d_annotated_val_basis.scene_dataset_config.json",
  "habitat_version": "0.2.4",
  "axis_convention": {
    "front": [
      -0.0,
      -0.0,
      -1.0
    ],
    "up": [
      0.0,
      1.0,
      0.0
    ],
    "right": [
      1.0,
      0.0,
      0.0
    ]
  },
  "body": {
    "radius_m": 0.25,
    "width_m": 0.5,
    "height_m": 1.5
  },
  "pose": {
    "nav_point": [
      -5.596999645233154,
      3.1633780002593994,
      -0.6956883668899536
    ],
    "camera_position": [
      -5.596999645233154,
      4.663378000259399,
      -0.6956883668899536
    ],
    "yaw_rad": 5.296389005393181
  },
  "oracle": {
    "model": "per-radius-navmesh-march-until-off-navmesh",
    "step_m": 0.05,
    "max_horizon_m": 6.0,
    "max_safe_distance_m": 2.3999999999999995,
    "max_safe_distance_body_widths": 4.799999999999999,
    "t1_bin": "4-8",
    "bin_margin_body_widths": 0.7999999999999989,
    "collision_point_3d": [
      -3.5947663943551316,
      3.1633780002593994,
      -2.018965363243484
    ],
    "collision_point_pixel": [
      320.0,
      474.5320874579671
    ],
    "collision_point_visible": true
  },
  "outputs": {
    "rgb_redpoint": "agent_loop/runs/20260626-142446-93cc8c6b/pipeline_probe/rgb_redpoint.png",
    "depth_npy": "agent_loop/runs/20260626-142446-93cc8c6b/pipeline_probe/depth.npy",
    "manifest": "agent_loop/runs/20260626-142446-93cc8c6b/pipeline_probe/manifest.json"
  }
}
